d:\university\past projects\data structure\restaurant-simulation-ds\restaurantsim\restaurantsim\x64\debug\vc143.pdb
d:\university\past projects\data structure\restaurant-simulation-ds\restaurantsim\restaurantsim\x64\debug\vc143.idb
d:\university\past projects\data structure\restaurant-simulation-ds\restaurantsim\restaurantsim\x64\debug\table.obj
d:\university\past projects\data structure\restaurant-simulation-ds\restaurantsim\restaurantsim\x64\debug\restaurantsim.obj
d:\university\past projects\data structure\restaurant-simulation-ds\restaurantsim\restaurantsim\x64\debug\restaurant.obj
d:\university\past projects\data structure\restaurant-simulation-ds\restaurantsim\restaurantsim\x64\debug\rdy_ov.obj
d:\university\past projects\data structure\restaurant-simulation-ds\restaurantsim\restaurantsim\x64\debug\pend_ovc.obj
d:\university\past projects\data structure\restaurant-simulation-ds\restaurantsim\restaurantsim\x64\debug\fit_tables.obj
d:\university\past projects\data structure\restaurant-simulation-ds\restaurantsim\restaurantsim\x64\debug\cook_ords.obj
d:\university\past projects\data structure\restaurant-simulation-ds\restaurantsim\restaurantsim\x64\debug\scooter.obj
d:\university\past projects\data structure\restaurant-simulation-ds\restaurantsim\restaurantsim\x64\debug\readyot.obj
d:\university\past projects\data structure\restaurant-simulation-ds\restaurantsim\restaurantsim\x64\debug\readyod.obj
d:\university\past projects\data structure\restaurant-simulation-ds\restaurantsim\restaurantsim\x64\debug\queue.obj
d:\university\past projects\data structure\restaurant-simulation-ds\restaurantsim\restaurantsim\x64\debug\priqueue.obj
d:\university\past projects\data structure\restaurant-simulation-ds\restaurantsim\restaurantsim\x64\debug\prinode.obj
d:\university\past projects\data structure\restaurant-simulation-ds\restaurantsim\restaurantsim\x64\debug\order.obj
d:\university\past projects\data structure\restaurant-simulation-ds\restaurantsim\restaurantsim\x64\debug\maintscooters.obj
d:\university\past projects\data structure\restaurant-simulation-ds\restaurantsim\restaurantsim\x64\debug\main.obj
d:\university\past projects\data structure\restaurant-simulation-ds\restaurantsim\restaurantsim\x64\debug\freecs.obj
d:\university\past projects\data structure\restaurant-simulation-ds\restaurantsim\restaurantsim\x64\debug\freecn.obj
d:\university\past projects\data structure\restaurant-simulation-ds\restaurantsim\restaurantsim\x64\debug\chef.obj
d:\university\past projects\data structure\restaurant-simulation-ds\restaurantsim\restaurantsim\x64\debug\actionlist.obj
d:\university\past projects\data structure\restaurant-simulation-ds\restaurantsim\restaurantsim\x64\debug\ui.obj
c:\users\jody soliman\source\repos\rebal-sherif27\restaurant-simulation-ds\restaurantsim\restaurantsim\x64\debug\vc143.pdb
c:\users\jody soliman\source\repos\rebal-sherif27\restaurant-simulation-ds\restaurantsim\restaurantsim\x64\debug\vc143.idb
c:\users\jody soliman\source\repos\rebal-sherif27\restaurant-simulation-ds\restaurantsim\restaurantsim\x64\debug\restaurant.obj
c:\users\jody soliman\source\repos\rebal-sherif27\restaurant-simulation-ds\restaurantsim\restaurantsim\x64\debug\requestaction.obj
c:\users\jody soliman\source\repos\rebal-sherif27\restaurant-simulation-ds\restaurantsim\restaurantsim\x64\debug\readyot.obj
c:\users\jody soliman\source\repos\rebal-sherif27\restaurant-simulation-ds\restaurantsim\restaurantsim\x64\debug\readyod.obj
c:\users\jody soliman\source\repos\rebal-sherif27\restaurant-simulation-ds\restaurantsim\restaurantsim\x64\debug\rdy_ov.obj
c:\users\jody soliman\source\repos\rebal-sherif27\restaurant-simulation-ds\restaurantsim\restaurantsim\x64\debug\queue.obj
c:\users\jody soliman\source\repos\rebal-sherif27\restaurant-simulation-ds\restaurantsim\restaurantsim\x64\debug\priqueue.obj
c:\users\jody soliman\source\repos\rebal-sherif27\restaurant-simulation-ds\restaurantsim\restaurantsim\x64\debug\prinode.obj
c:\users\jody soliman\source\repos\rebal-sherif27\restaurant-simulation-ds\restaurantsim\restaurantsim\x64\debug\pend_ovc.obj
c:\users\jody soliman\source\repos\rebal-sherif27\restaurant-simulation-ds\restaurantsim\restaurantsim\x64\debug\order.obj
c:\users\jody soliman\source\repos\rebal-sherif27\restaurant-simulation-ds\restaurantsim\restaurantsim\x64\debug\maintscooters.obj
c:\users\jody soliman\source\repos\rebal-sherif27\restaurant-simulation-ds\restaurantsim\restaurantsim\x64\debug\main.obj
c:\users\jody soliman\source\repos\rebal-sherif27\restaurant-simulation-ds\restaurantsim\restaurantsim\x64\debug\freecs.obj
c:\users\jody soliman\source\repos\rebal-sherif27\restaurant-simulation-ds\restaurantsim\restaurantsim\x64\debug\freecn.obj
c:\users\jody soliman\source\repos\rebal-sherif27\restaurant-simulation-ds\restaurantsim\restaurantsim\x64\debug\fit_tables.obj
c:\users\jody soliman\source\repos\rebal-sherif27\restaurant-simulation-ds\restaurantsim\restaurantsim\x64\debug\cook_ords.obj
c:\users\jody soliman\source\repos\rebal-sherif27\restaurant-simulation-ds\restaurantsim\restaurantsim\x64\debug\chef.obj
c:\users\jody soliman\source\repos\rebal-sherif27\restaurant-simulation-ds\restaurantsim\restaurantsim\x64\debug\cancelaction.obj
c:\users\jody soliman\source\repos\rebal-sherif27\restaurant-simulation-ds\restaurantsim\restaurantsim\x64\debug\actionlist.obj
c:\users\jody soliman\source\repos\rebal-sherif27\restaurant-simulation-ds\restaurantsim\restaurantsim\x64\debug\action.obj
c:\users\jody soliman\source\repos\rebal-sherif27\restaurant-simulation-ds\restaurantsim\restaurantsim\x64\debug\ui.obj
c:\users\jody soliman\source\repos\rebal-sherif27\restaurant-simulation-ds\restaurantsim\restaurantsim\x64\debug\table.obj
c:\users\jody soliman\source\repos\rebal-sherif27\restaurant-simulation-ds\restaurantsim\restaurantsim\x64\debug\scooter.obj
c:\users\jody soliman\source\repos\rebal-sherif27\restaurant-simulation-ds\restaurantsim\restaurantsim\x64\debug\restaurantsim.obj
d:\university\past projects\data structure\restaurant-simulation-ds\restaurantsim\restaurantsim\x64\debug\cancelaction.obj
d:\university\past projects\data structure\restaurant-simulation-ds\restaurantsim\restaurantsim\x64\debug\action.obj
c:\users\alsaw\documents\project\restaurantsim\restaurantsim\x64\debug\vc143.pdb
c:\users\alsaw\documents\project\restaurantsim\restaurantsim\x64\debug\vc143.idb
c:\users\alsaw\documents\project\restaurantsim\restaurantsim\x64\debug\restaurant.obj
c:\users\alsaw\documents\project\restaurantsim\restaurantsim\x64\debug\readyot.obj
c:\users\alsaw\documents\project\restaurantsim\restaurantsim\x64\debug\readyod.obj
c:\users\alsaw\documents\project\restaurantsim\restaurantsim\x64\debug\rdy_ov.obj
c:\users\alsaw\documents\project\restaurantsim\restaurantsim\x64\debug\queue.obj
c:\users\alsaw\documents\project\restaurantsim\restaurantsim\x64\debug\priqueue.obj
c:\users\alsaw\documents\project\restaurantsim\restaurantsim\x64\debug\prinode.obj
c:\users\alsaw\documents\project\restaurantsim\restaurantsim\x64\debug\pend_ovc.obj
c:\users\alsaw\documents\project\restaurantsim\restaurantsim\x64\debug\order.obj
c:\users\alsaw\documents\project\restaurantsim\restaurantsim\x64\debug\maintscooters.obj
c:\users\alsaw\documents\project\restaurantsim\restaurantsim\x64\debug\main.obj
c:\users\alsaw\documents\project\restaurantsim\restaurantsim\x64\debug\freecs.obj
c:\users\alsaw\documents\project\restaurantsim\restaurantsim\x64\debug\freecn.obj
c:\users\alsaw\documents\project\restaurantsim\restaurantsim\x64\debug\fit_tables.obj
c:\users\alsaw\documents\project\restaurantsim\restaurantsim\x64\debug\cook_ords.obj
c:\users\alsaw\documents\project\restaurantsim\restaurantsim\x64\debug\chef.obj
c:\users\alsaw\documents\project\restaurantsim\restaurantsim\x64\debug\cancelaction.obj
c:\users\alsaw\documents\project\restaurantsim\restaurantsim\x64\debug\actionlist.obj
c:\users\alsaw\documents\project\restaurantsim\restaurantsim\x64\debug\action.obj
c:\users\alsaw\documents\project\restaurantsim\restaurantsim\x64\debug\ui.obj
c:\users\alsaw\documents\project\restaurantsim\restaurantsim\x64\debug\table.obj
c:\users\alsaw\documents\project\restaurantsim\restaurantsim\x64\debug\scooter.obj
c:\users\alsaw\documents\project\restaurantsim\restaurantsim\x64\debug\restaurant_chefflow.obj
c:\users\alsaw\documents\project\restaurantsim\restaurantsim\x64\debug\restaurantsim.obj
d:\university\past projects\data structure\restaurant-simulation-ds\restaurantsim\restaurantsim\x64\debug\restaurantsim.ilk
c:\users\alsaw\documents\project\restaurantsim\x64\debug\restaurantsim.pdb
c:\users\alsaw\documents\project\restaurantsim\restaurantsim\x64\debug\restaurantsim.tlog\cl.command.1.tlog
c:\users\alsaw\documents\project\restaurantsim\restaurantsim\x64\debug\restaurantsim.tlog\cl.items.tlog
c:\users\alsaw\documents\project\restaurantsim\restaurantsim\x64\debug\restaurantsim.tlog\cl.read.1.tlog
c:\users\alsaw\documents\project\restaurantsim\restaurantsim\x64\debug\restaurantsim.tlog\cl.write.1.tlog
c:\users\alsaw\documents\project\restaurantsim\restaurantsim\x64\debug\restaurantsim.tlog\link-cvtres.read.1.tlog
c:\users\alsaw\documents\project\restaurantsim\restaurantsim\x64\debug\restaurantsim.tlog\link-cvtres.write.1.tlog
c:\users\alsaw\documents\project\restaurantsim\restaurantsim\x64\debug\restaurantsim.tlog\link-rc.read.1.tlog
c:\users\alsaw\documents\project\restaurantsim\restaurantsim\x64\debug\restaurantsim.tlog\link-rc.write.1.tlog
c:\users\alsaw\documents\project\restaurantsim\restaurantsim\x64\debug\restaurantsim.tlog\link.command.1.tlog
c:\users\alsaw\documents\project\restaurantsim\restaurantsim\x64\debug\restaurantsim.tlog\link.read.1.tlog
c:\users\alsaw\documents\project\restaurantsim\restaurantsim\x64\debug\restaurantsim.tlog\link.read.2.tlog
c:\users\alsaw\documents\project\restaurantsim\restaurantsim\x64\debug\restaurantsim.tlog\link.read.3.tlog
c:\users\alsaw\documents\project\restaurantsim\restaurantsim\x64\debug\restaurantsim.tlog\link.read.4.tlog
c:\users\alsaw\documents\project\restaurantsim\restaurantsim\x64\debug\restaurantsim.tlog\link.secondary.1.tlog
c:\users\alsaw\documents\project\restaurantsim\restaurantsim\x64\debug\restaurantsim.tlog\link.write.1.tlog
